2026-09-28 00:37:12.774: [INFO] CurrentProfilePath: C:\Users\Emma Lizbeth\OneDrive\Desktop\code\EstrategiaT\.tmp-privacy\browser-A5HRvk\Default
2026-09-28 00:37:12.774: [INFO] Profiles total count: 1
2026-09-28 00:37:12.774: [INFO] Profile: name=Perfil 1 path=C:\Users\Emma Lizbeth\OneDrive\Desktop\code\EstrategiaT\.tmp-privacy\browser-A5HRvk\Default lastActive=null
2026-09-28 00:37:12.774: [INFO] LastUsedProfileDir: C:\Users\Emma Lizbeth\OneDrive\Desktop\code\EstrategiaT\.tmp-privacy\browser-A5HRvk\Default
2026-09-28 00:37:12.774: [INFO] VisibilityChanged: 0
2026-09-28 00:37:12.819: [INFO] RecordSyncInitDuration has_sync_been_enabled: 0 state: 0
2026-09-28 00:37:12.821: [INFO] RecordSyncInitDuration has_sync_been_enabled: 0 state: 0
2026-09-28 00:37:12.823: [INFO] RecordSyncInitDuration has_sync_been_enabled: 0 state: 0
2026-09-28 00:37:12.824: [INFO] RecordSyncInitDuration has_sync_been_enabled: 0 state: 0
2026-09-28 00:37:12.826: [INFO] RecordSyncInitDuration has_sync_been_enabled: 0 state: 0
2026-09-28 00:37:12.828: [INFO] RecordSyncInitDuration has_sync_been_enabled: 0 state: 0
2026-09-28 00:37:12.829: [INFO] RecordSyncInitDuration has_sync_been_enabled: 0 state: 0
2026-09-28 00:37:12.831: [INFO] RecordSyncInitDuration has_sync_been_enabled: 0 state: 0
2026-09-28 00:37:12.833: [INFO] RecordSyncInitDuration has_sync_been_enabled: 0 state: 0
2026-09-28 00:37:12.834: [INFO] RecordSyncInitDuration has_sync_been_enabled: 0 state: 0
2026-09-28 00:37:12.868: [INFO] BookmarkNodeAdded, ABU: 0
2026-09-28 00:37:12.868: [INFO] OnDoneLoading sync enabled: 0
2026-09-28 00:37:12.868: [INFO] BookmarkModelLoaded, ids_reassigned: 0
2026-09-28 00:37:12.868: [INFO] BookmarksLoadDropped droppedNodes=0
2026-09-28 00:37:12.868: [INFO] BookmarksSnapshot Startup total=1 bar=1 other=0 mobile=0 showBar=0 showBarNTP=1
2026-09-28 00:37:12.878: [INFO] RecordSyncInitDuration has_sync_been_enabled: 0 state: 0
