2026-09-28 00:39:17.329: [INFO] CurrentProfilePath: C:\Users\Emma Lizbeth\OneDrive\Desktop\code\EstrategiaT\.tmp-privacy\browser-PfAS3n\Default
2026-09-28 00:39:17.329: [INFO] Profiles total count: 1
2026-09-28 00:39:17.329: [INFO] Profile: name=Perfil 1 path=C:\Users\Emma Lizbeth\OneDrive\Desktop\code\EstrategiaT\.tmp-privacy\browser-PfAS3n\Default lastActive=null
2026-09-28 00:39:17.329: [INFO] LastUsedProfileDir: C:\Users\Emma Lizbeth\OneDrive\Desktop\code\EstrategiaT\.tmp-privacy\browser-PfAS3n\Default
2026-09-28 00:39:17.329: [INFO] VisibilityChanged: 0
2026-09-28 00:39:17.375: [INFO] RecordSyncInitDuration has_sync_been_enabled: 0 state: 0
2026-09-28 00:39:17.377: [INFO] RecordSyncInitDuration has_sync_been_enabled: 0 state: 0
2026-09-28 00:39:17.378: [INFO] RecordSyncInitDuration has_sync_been_enabled: 0 state: 0
2026-09-28 00:39:17.380: [INFO] RecordSyncInitDuration has_sync_been_enabled: 0 state: 0
2026-09-28 00:39:17.382: [INFO] RecordSyncInitDuration has_sync_been_enabled: 0 state: 0
2026-09-28 00:39:17.384: [INFO] RecordSyncInitDuration has_sync_been_enabled: 0 state: 0
2026-09-28 00:39:17.385: [INFO] RecordSyncInitDuration has_sync_been_enabled: 0 state: 0
2026-09-28 00:39:17.387: [INFO] RecordSyncInitDuration has_sync_been_enabled: 0 state: 0
2026-09-28 00:39:17.388: [INFO] RecordSyncInitDuration has_sync_been_enabled: 0 state: 0
2026-09-28 00:39:17.390: [INFO] RecordSyncInitDuration has_sync_been_enabled: 0 state: 0
2026-09-28 00:39:17.421: [INFO] BookmarkNodeAdded, ABU: 0
2026-09-28 00:39:17.421: [INFO] OnDoneLoading sync enabled: 0
2026-09-28 00:39:17.421: [INFO] BookmarkModelLoaded, ids_reassigned: 0
2026-09-28 00:39:17.421: [INFO] BookmarksLoadDropped droppedNodes=0
2026-09-28 00:39:17.421: [INFO] BookmarksSnapshot Startup total=1 bar=1 other=0 mobile=0 showBar=0 showBarNTP=1
2026-09-28 00:39:17.433: [INFO] RecordSyncInitDuration has_sync_been_enabled: 0 state: 0
