2026-09-28 19:15:45.954: [INFO] CurrentProfilePath: C:\Users\Emma Lizbeth\OneDrive\Desktop\code\EstrategiaT\.tmp-privacy\browser-gGoLqg\Default
2026-09-28 19:15:45.954: [INFO] Profiles total count: 1
2026-09-28 19:15:45.954: [INFO] Profile: name=Perfil 1 path=C:\Users\Emma Lizbeth\OneDrive\Desktop\code\EstrategiaT\.tmp-privacy\browser-gGoLqg\Default lastActive=null
2026-09-28 19:15:45.954: [INFO] LastUsedProfileDir: C:\Users\Emma Lizbeth\OneDrive\Desktop\code\EstrategiaT\.tmp-privacy\browser-gGoLqg\Default
2026-09-28 19:15:45.954: [INFO] VisibilityChanged: 0
2026-09-28 19:15:46.026: [INFO] RecordSyncInitDuration has_sync_been_enabled: 0 state: 0
2026-09-28 19:15:46.028: [INFO] RecordSyncInitDuration has_sync_been_enabled: 0 state: 0
2026-09-28 19:15:46.031: [INFO] RecordSyncInitDuration has_sync_been_enabled: 0 state: 0
2026-09-28 19:15:46.033: [INFO] RecordSyncInitDuration has_sync_been_enabled: 0 state: 0
2026-09-28 19:15:46.036: [INFO] RecordSyncInitDuration has_sync_been_enabled: 0 state: 0
2026-09-28 19:15:46.040: [INFO] RecordSyncInitDuration has_sync_been_enabled: 0 state: 0
2026-09-28 19:15:46.043: [INFO] RecordSyncInitDuration has_sync_been_enabled: 0 state: 0
2026-09-28 19:15:46.047: [INFO] RecordSyncInitDuration has_sync_been_enabled: 0 state: 0
2026-09-28 19:15:46.050: [INFO] RecordSyncInitDuration has_sync_been_enabled: 0 state: 0
2026-09-28 19:15:46.054: [INFO] RecordSyncInitDuration has_sync_been_enabled: 0 state: 0
2026-09-28 19:15:46.108: [INFO] BookmarkNodeAdded, ABU: 0
2026-09-28 19:15:46.108: [INFO] OnDoneLoading sync enabled: 0
2026-09-28 19:15:46.108: [INFO] BookmarkModelLoaded, ids_reassigned: 0
2026-09-28 19:15:46.108: [INFO] BookmarksLoadDropped droppedNodes=0
2026-09-28 19:15:46.108: [INFO] BookmarksSnapshot Startup total=1 bar=1 other=0 mobile=0 showBar=0 showBarNTP=1
2026-09-28 19:15:46.122: [INFO] RecordSyncInitDuration has_sync_been_enabled: 0 state: 0
